// Jest Snapshot v1, https://goo.gl/fbAQLP

exports[`NewsContainer renders a list of news articles to the page 1`] = `
<ul
  aria-label="articles"
>
  <li>
    <figure>
      <h2>
        Facebook sues programmer who allegedly scraped data for 178 million users
      </h2>
      <h3>
        Jon Fingas
      </h3>
      <p>
        https://s.yimg.com/os/creatr-uploaded-images/2021-10/66a91620-342e-11ec-b996-794d90441557
      </p>
      <p>
        Facebook is taking legal action in response to another large-scale data heist. According to The Record, the social network has sued Ukraine national Alexander Solonchenko for allegedly scraping data for more than 178 million users. Solonchenko reportedly expl…
      </p>
      <p>
        https://www.engadget.com/facebook-sues-programmer-over-data-scraping-185924315.html
      </p>
    </figure>
  </li>
  <li>
    <figure>
      <h2>
        Ignore China’s New Data Privacy Law at Your Peril
      </h2>
      <h3>
        Matt Burgess
      </h3>
      <p>
        https://media.wired.com/photos/61848572da25312569a5aeff/191:100/w_1280,c_limit/Sec_ChinaPrivacyLaw_GettyImages-1234037485.jpg
      </p>
      <p>
        The Personal Information Protection Law gives authorities the power to impose huge fines and blacklist companies. But the biggest impact may be felt outside the country.
      </p>
      <p>
        https://www.wired.com/story/china-personal-data-law-pipl/
      </p>
    </figure>
  </li>
  <li>
    <figure>
      <h2>
        Yoko Taro Foresees the End of Video Games As We Know Them
      </h2>
      <h3>
        Joshua Khan
      </h3>
      <p>
        https://media.wired.com/photos/59094a3b76f462691f0126a6/191:100/w_1280,c_limit/NieR_mainart.jpg
      </p>
      <p>
        The mind behind iconic titles like 'Nier: Automata' and 'Drakengard' tells WIRED about his inspirations—and how AI plays a role in the future of game design.
      </p>
      <p>
        https://www.wired.com/story/yoko-taro-interview/
      </p>
    </figure>
  </li>
  <li>
    <figure>
      <h2>
        How Googlers are making unseen disability visible at work
      </h2>
      <h3>
        Sneha SrinivasanProgram Manager, Google India
      </h3>
      <p>
        https://storage.googleapis.com/gweb-uniblog-publish-prod/images/IMG_0010_o02LwwO.max-1300x1300.jpg
      </p>
      <p>
        Five years ago, I discovered that I had left temporal epilepsy, a condition that causes unprovoked seizures. To manage it, I was prescribed medication. While the medication controls the brain activity, the downside was experiencing fatigue, long sleep cycles,…
      </p>
      <p>
        https://blog.google/around-the-globe/google-asia/making-unseen-disability-visible/?utm_source=feedburner&utm_medium=feed&utm_campaign=Feed%3A+blogspot%2FMKuf+%28The+Keyword+%7C+Official+Google+Blog%29
      </p>
    </figure>
  </li>
  <li>
    <figure>
      <h2>
        限时优惠：亚马逊 Chromebook 特价，最低七折
      </h2>
      <h3>
        Eric Chan
      </h3>
      <p>
        https://s.yimg.com/os/creatr-uploaded-images/2021-10/5b1ccfa0-2640-11ec-bfff-27ecd07e7b60
      </p>
      <p>
        Chromebook 的低價、易用、快速，是不少低預算但卻又有一定要求的用戶，尤其是學生的歡迎。Lenovo 的熱門機型 Chromebook Flex 5 13 吋，在今天就來一個限時優惠！
      </p>
      <p>
        https://cn.engadget.com/lenovo-flex-5-chromebook-record-low-price-300-amazon-daily-deal-010546444.html
      </p>
    </figure>
  </li>
  <li>
    <figure>
      <h2>
        Matthew McConaughey, who's called himself a 'folk singin', philosopher, poet-statesman,' says he's not sure he wants to run for Texas governor because politics is 'a bag of rats'
      </h2>
      <h3>
        aharoun@businessinsider.com (Azmi Haroun)
      </h3>
      <p>
        https://i.insider.com/615f8d31d62be70019c00423?width=1200&format=jpeg
      </p>
      <p>
        "It's necessary to be aggressively centric to salvage democracy in America right now," McConaughey said, stressing the need for a third party.
      </p>
      <p>
        https://www.businessinsider.com/matthew-mcconaughey-may-not-run-texas-politics-bag-of-rats-2021-10
      </p>
    </figure>
  </li>
  <li>
    <figure>
      <h2>
        Facebook wanted to hook 6-year-olds with new apps, documents show
      </h2>
      <h3>
        Tim De Chant
      </h3>
      <p>
        https://cdn.arstechnica.net/wp-content/uploads/2021/11/GettyImages-1211391724-760x380.jpg
      </p>
      <p>
        Internal posts and job listings show plans were moving forward.
      </p>
      <p>
        https://arstechnica.com/tech-policy/2021/11/facebook-wanted-to-hook-6-year-olds-with-new-apps-documents-show/
      </p>
    </figure>
  </li>
  <li>
    <figure>
      <h2>
        Egyptian military consolidates grip on northern Sinai - Reuters
      </h2>
      <h3 />
      <p>
        https://www.reuters.com/resizer/CN4CygzJaHSuOxb1ONMh6eZPLz4=/1200x628/smart/filters:quality(80)/cloudfront-us-east-2.images.arcpublishing.com/reuters/KR2WDXW2Z5K7VETPHUOKRQ4LEM.jpg
      </p>
      <p>
        A string of watchtowers, checkpoints and army posts mark the northern edge of Egypt's Sinai Peninsula and troops patrol in armoured vehicles along repaved roads.
      </p>
      <p>
        https://www.reuters.com/world/middle-east/egyptian-military-consolidates-grip-northern-sinai-2021-10-20/
      </p>
    </figure>
  </li>
  <li>
    <figure>
      <h2>
        Rishi Sunak urged to cut business rates to unlock billions in investment
      </h2>
      <h3>
        Richard Partington Economics correspondent
      </h3>
      <p>
        https://i.guim.co.uk/img/media/662bb470455aeabab65c88b963246eb05e441e22/0_233_3500_2100/master/3500.jpg?width=1200&height=630&quality=85&auto=format&fit=crop&overlay-align=bottom%2Cleft&overlay-width=100p&overlay-base64=L2ltZy9zdGF0aWMvb3ZlcmxheXMvdGctZGVmYXVsdC5wbmc&enable=upscale&s=7e7704309ad682f920dce7d19c27d0e4
      </p>
      <p>
        Employers’ groups warn ahead of budget that failure to take action would hit UK’s economic ambitionsEmployers’ groups representing more than a quarter of jobs in Britain have called on Rishi Sunak to cut business rates in the budget later this month to unlock…
      </p>
      <p>
        https://amp.theguardian.com/politics/2021/oct/14/rishi-sunak-urged-cut-business-rates-unlock-billions-investment
      </p>
    </figure>
  </li>
  <li>
    <figure>
      <h2>
        Samsung 笔记本电脑、Soundbar 优惠最低六折
      </h2>
      <h3>
        Matthew Wong
      </h3>
      <p>
        https://s.yimg.com/os/creatr-uploaded-images/2021-10/f7a7b2b0-30b1-11ec-9dbe-70e496fd1e46
      </p>
      <p>
        在昨天为大家介绍了 Amazon 上 Samsung 平板电脑、手表、SSD 优惠后，今次再为大家介绍更多 Samsung 产品的优惠，包括 Samsung Galaxy Book Pro、Chromebook 以及 Soundbar 等，最高更有达六折的优惠。
      </p>
      <p>
        https://cn.engadget.com/20211019-samsung-083056579.html
      </p>
    </figure>
  </li>
  <li>
    <figure>
      <h2>
        We aren’t yet into winter but pressure on the NHS is already unsustainable
      </h2>
      <h3>
        Anonymous
      </h3>
      <p>
        https://i.guim.co.uk/img/media/9ef323cbb6027a9db889e3b3b244e68dee9b0f28/0_200_6000_3600/master/6000.jpg?width=1200&height=630&quality=85&auto=format&fit=crop&overlay-align=bottom%2Cleft&overlay-width=100p&overlay-base64=L2ltZy9zdGF0aWMvb3ZlcmxheXMvdGctb3BpbmlvbnMucG5n&enable=upscale&s=fdd10f1b533438ff0ea94c41aaef6b1a
      </p>
      <p>
        Ambulances are queuing outside for hours and patient safety has been threatened, says this hospital consultant&lt;ul&gt;&lt;li&gt;Coronavirus – latest updates&lt;/li&gt;&lt;li&gt;See all our coronavirus coverage&lt;/li&gt;&lt;/ul&gt;I am often surprised when I speak to non-medical friends. They…
      </p>
      <p>
        https://amp.theguardian.com/society/2021/oct/29/nhs-winter-pressure-already-unsustainable-patient-safety
      </p>
    </figure>
  </li>
  <li>
    <figure>
      <h2>
        Error'd: Counting to One
      </h2>
      <h3>
        Lyle Seaman
      </h3>
      <p>
        https://thedailywtf.com/images/imageslws/viking.jpg
      </p>
      <p>
        Two of today's ticklers require a little explanation, while the others require little.


Kicking things off this week, an anonymous reporter wants to
keep their password secure by not divulging their identity. It won't work,
that's exactly the same as my Twit…
      </p>
      <p>
        https://thedailywtf.com/articles/counting-to-one
      </p>
    </figure>
  </li>
  <li>
    <figure>
      <h2>
        Do Dev Careers Die at 35?
      </h2>
      <h3>
        Aphinya Dechalert
      </h3>
      <p>
        https://www.dottedsquirrel.com/content/images/2021/08/your-computer--4-.jpg
      </p>
      <p>
        Where are all the elderly developers? Where did they all go? It’s not like they just disappeared into another realm…or did they? How did we arrive at these questions? Why does it matter? and do dev careers really start to die when you turn 35?
      </p>
      <p>
        https://www.dottedsquirrel.com/dev-careers/
      </p>
    </figure>
  </li>
  <li>
    <figure>
      <h2>
        Trie in JavaScript: The Data Structure Behind Autocomplete
      </h2>
      <h3 />
      <p>
        https://hashnode.com/utility/r?url=https%3A%2F%2Fcdn.hashnode.com%2Fres%2Fhashnode%2Fimage%2Fupload%2Fv1635077192450%2Fxrhl1Yv8M.jpeg%3Fw%3D1200%26h%3D630%26fit%3Dcrop%26crop%3Dentropy%26auto%3Dcompress%2Cformat%26format%3Dwebp%26fm%3Dpng
      </p>
      <p>
        We've already covered the basics of tree data structure in three posts. If you haven't gone through those yet, I would strongly going through the introductory post at the very least. 
Introduction
Trie is a variation of tree data structure. It's also...
      </p>
      <p>
        https://stackfull.dev/trie-in-javascript-the-data-structure-behind-autocomplete
      </p>
    </figure>
  </li>
  <li>
    <figure>
      <h2>
        GitHub stale bot considered harmful
      </h2>
      <h3 />
      <p />
      <p>
        Comments
      </p>
      <p>
        https://drewdevault.com/2021/10/26/stalebot.html
      </p>
    </figure>
  </li>
  <li>
    <figure>
      <h2>
        Need a New Programming Language? Try Zig
      </h2>
      <h3>
        Matthew Carlson
      </h3>
      <p>
        https://hackaday.com/wp-content/uploads/2021/10/zig_banner.png
      </p>
      <p>
        Maybe you’ve heard of it, maybe you haven’t. Zig is a new programming language that seems to be growing in popularity. Let’s do a quick dive into what it is, why it’s unique…
      </p>
      <p>
        https://hackaday.com/2021/10/05/need-a-new-programming-language-try-zig/
      </p>
    </figure>
  </li>
  <li>
    <figure>
      <h2>
        Duval Timothy and Rosie Lowe Announce New Album Son, Share New Song: Listen
      </h2>
      <h3>
        Evan Minsker
      </h3>
      <p>
        https://media.pitchfork.com/photos/6164973c9301223b2a44ad6b/16:9/w_1280,c_limit/Duval-Timothy-Rosie-Lowe.jpeg
      </p>
      <p>
        Check out the title track from the duo’s new collaborative LP
      </p>
      <p>
        https://pitchfork.com/news/duval-timothy-and-rosie-lowe-announce-new-album-son-share-new-song-listen/
      </p>
    </figure>
  </li>
  <li>
    <figure>
      <h2>
        WhatsApp testing new PiP mode on iPhone, longer time for ‘delete for everyone’
      </h2>
      <h3>
        Sanuj Bhatia
      </h3>
      <p>
        https://pocketnow.com/wp/../files/2021/05/whatsapp-icon.jpg
      </p>
      <p>
        WhatsApp is testing two different features on Android and iPhone: longer time for delete for everyone on Android and a new Picture-in-Picture mode on iPhone.
The post WhatsApp testing new PiP mode on iPhone, longer time for ‘delete for everyone’ appeared firs…
      </p>
      <p>
        https://pocketnow.com/whatsapp-testing-new-pip-mode-on-iphone-longer-time-for-delete-for-everyone
      </p>
    </figure>
  </li>
  <li>
    <figure>
      <h2>
        8 JavaScript Set Methods You Should Master Today
      </h2>
      <h3>
        Yuvraj Chandra
      </h3>
      <p>
        https://static1.makeuseofimages.com/wordpress/wp-content/uploads/2021/10/Laptop-with-javascript-logo.jpg
      </p>
      <p>
        If you're looking to up your skills in creating JavaScript Sets, check out these methods.
      </p>
      <p>
        https://www.makeuseof.com/javascript-set-methods-to-master/
      </p>
    </figure>
  </li>
  <li>
    <figure>
      <h2>
        Printf(“%s %s”, dependency, injection)
      </h2>
      <h3 />
      <p />
      <p>
        Comments
      </p>
      <p>
        https://www.fredrikholmqvist.com/posts/print-dependency-injection/
      </p>
    </figure>
  </li>
</ul>
`;

exports[`NewsContainer renders a list of news articles to the page 2`] = `
Array [
  <h2>
    Tesla launches Supercharger pilot program to charge other EVs
  </h2>,
  <p>
    As promised earlier in the year
, Tesla is expanding access to its Supercharger charger network. Starting today, the company is opening 10 locations in the Netherlands to non-Tesla EVs as part of a pilot program
. Provided you live in the country and you’ve…
  </p>,
  <p>
    https://www.engadget.com/tesla-the-netherlands-supercharger-pilot-223842483.html
  </p>,
  <h2>
    Uber aims for 50,000 Teslas on its platform by 2023
  </h2>,
  <p>
    Uber is partnering with Hertz to bring 50,000 Tesla vehicles on its platform by 2023. The company will offer drivers a weekly rate of $334 for a Tesla Model 3.
  </p>,
  <p>
    https://www.theverge.com/2021/10/27/22747184/uber-tesla-rent-drivers-hertz-cost-2023
  </p>,
  <h2>
    Tesla posts a wildly profitable Q3 despite difficult car market
  </h2>,
  <p>
    Despite a global pandemic and ongoing chip shortage, Tesla continues to make money hand over fist. The company reported on Wednesday that it had a net income of $1.62 billion — five times more than it did this time last year. What's more, Tesla's operating in…
  </p>,
  <p>
    https://www.engadget.com/tesla-posts-a-wildly-profitable-q3-despite-difficult-car-market-210905631.html
  </p>,
  <h2>
    Tesla Cybertruck Gigabeer is coming because Musk is never out of weird ideas
  </h2>,
  <p>
    https://techncruncher.blogspot.com/2021/10/tesla-cybertruck-gigabeer-is-coming.html
  </p>,
  <h2>
    Tesla keeps ignoring the government’s requests to fix Autopilot
  </h2>,
  <p>
    Tesla was scolded by the National Transportation Safety Board for failing to address safety recommendations regarding Autopilot made in 2017.
  </p>,
  <p>
    https://www.theverge.com/2021/10/25/22744982/tesla-ntsb-inaction-autopilot-safety-recommendations
  </p>,
  <h2>
    ‘Driverless’ Tesla crash in Texas wasn’t actually driverless, NTSB says
  </h2>,
  <p>
    There was someone behind the steering wheel in the fatal crash involving a Tesla Model S in Texas, the National Transportation Safety Board said.
  </p>,
  <p>
    https://www.theverge.com/2021/10/21/22738834/tesla-crash-texas-driver-seat-occupied-ntsb
  </p>,
  <h2>
    Tesla quietly raises prices on four of its EVs
  </h2>,
  <p>
    Less than a week after Tesla reported record third-quarter profit of $1.6 billion, the automaker has increased the prices for four of its EVs.
  </p>,
  <p>
    https://www.theverge.com/2021/10/24/22743398/tesla-quietly-raises-prices-electric-vehicles-model-x
  </p>,
  <h2>
    Tesla’s driving data storage system hacked by Dutch investigators
  </h2>,
  <p>
    https://cdn.vox-cdn.com/thumbor/UeyFCm3dKORe9VRQQMb6iyfBzlA=/0x146:2040x1214/fit-in/1200x630/cdn.vox-cdn.com/uploads/chorus_asset/file/11423499/acastro_180524_1777_tesla_0002.jpg
  </p>,
  <p>
    A research team in the Netherlands decrypted Tesla’s driving data system while investigating a crash. The data trove could have implications for crash investigations in the US.
  </p>,
  <p>
    https://www.theverge.com/2021/10/21/22738747/tesla-driving-data-hack-dutch-investigators-autopilot
  </p>,
  <h2>
    Tesla's Berlin Gigafactory could produce EVs as soon as November
  </h2>,
  <p>
    Tesla's long-in-the-making German Gigafactory is close to manufacturing its first electric cars. As Bloombergreports, company chief Elon Musk told those at an October 9th event that the Berlin-area factory should start production of Model Y crossovers in Nove…
  </p>,
  <p>
    https://www.engadget.com/tesla-berlin-gigafactory-production-start-date-145218970.html
  </p>,
  <h2>
    Musk says Tesla will begin production at its German Gigafactory by the end of the year
  </h2>,
  <p>
    Tesla held a county fair-style event on Saturday near the site of its Gigafactory in Germany, where CEO Elon Musk said the company would begin producing Model Y cars before the end of 2021.
  </p>,
  <p>
    https://www.theverge.com/2021/10/10/22719106/musk-tesla-germany-berlin-gigafactory-model-y
  </p>,
  <h2>
    Elon Musk cites ‘last minute concerns’ in delay of Tesla software rollout
  </h2>,
  <p>
    Tesla has delayed the rollout of its Full Self-Driving (FSD) Beta 10.2 software rollout because of last-minute concerns, CEO Elon Musk tweeted early Saturday. He apologized for the delay, saying the release would likely happen Sunday or Monday. He didn’t elab…
  </p>,
  <h2>
    Tesla to Move Headquarters to Texas from California
  </h2>,
  <p>
    https://static01.nyt.com/images/2021/10/07/business/07tesla-shareholders/07tesla-shareholders-facebookJumbo.jpg
  </p>,
  <p>
    Elon Musk announced the move at the company’s annual shareholder meeting, hosted at a factory Tesla is building near Austin.
  </p>,
  <p>
    https://www.nytimes.com/2021/10/07/business/tesla-texas-headquarters.html
  </p>,
  <h2>
    Elon Musk Says ‘Some Issues’ Have Forced Tesla to Pull Newest Full Self-Driving Beta
  </h2>,
  <p>
    Hours after releasing an update to its Full Self-Driving software beta—which, contrary to its name, does not allow the car to drive itself without human supervision—Tesla has rolled it back. Read more...
  </p>,
  <p>
    https://gizmodo.com/elon-musk-says-some-issues-have-forced-tesla-to-pull-1847927184
  </p>,
  <h2>
    Tesla: Elon Musk says company headquarters will move to Texas
  </h2>,
  <h2>
    Tesla investors will vote on whether to oust James Murdoch and Kimbal Musk from the board.
  </h2>,
  <p>
    https://static01.nyt.com/images/2021/10/06/us/06Tesla-shareholders/06Tesla-shareholders-facebookJumbo.jpg
  </p>,
  <p>
    Activist shareholders have submitted five proposals to compel Tesla to disclose more information about its efforts to diversify its work force, how it handles employee disputes and its human rights record.
  </p>,
  <p>
    Joe Raedle | Getty ImagesElon Musk has entered rarified air in the world billionaire rankings. The Tesla and SpaceX CEO is not only currently the richest person in the world, but is now worth as much as fellow billionaires Bill Gates and Warren Buffett combin…
  </p>,
  <h2>
    Ageny chief says Tesla fan attacks on government's new safety advisor are 'calculated'
  </h2>,
  <p>
    https://cdn.cnn.com/cnnnext/dam/assets/210818094228-tesla-autopilot-file-super-tease.jpg
  </p>,
  <p>
    Jennifer Homendy, chair of the National Transportation Safety Board (NTSB), said Tuesday that the recent backlash from Tesla's fanbase towards a newly-appointed federal safety advisor is a deliberate attempt to shift away from safety questions about the autom…
  </p>,
  <p>
    https://www.cnn.com/2021/10/28/cars/tesla-ntsb-cummings/index.html
  </p>,
  <h2>
    Trillion-dollar Tesla - Reuters
  </h2>,
  <p>
    https://www.reuters.com/technology/trillion-dollar-tesla-2021-10-26/
  </p>,
]
`;
